Archive member included to satisfy reference by file (symbol)

c:/program files (x86)/atmel/studio/7.0/toolchain/avr8/avr8-gnu-toolchain/bin/../lib/gcc/avr/5.4.0/../../../../avr/lib/avr5\libm.a(addsf3.o)
                              main.o (__addsf3)
c:/program files (x86)/atmel/studio/7.0/toolchain/avr8/avr8-gnu-toolchain/bin/../lib/gcc/avr/5.4.0/../../../../avr/lib/avr5\libm.a(addsf3x.o)
                              c:/program files (x86)/atmel/studio/7.0/toolchain/avr8/avr8-gnu-toolchain/bin/../lib/gcc/avr/5.4.0/../../../../avr/lib/avr5\libm.a(addsf3.o) (__addsf3x)
c:/program files (x86)/atmel/studio/7.0/toolchain/avr8/avr8-gnu-toolchain/bin/../lib/gcc/avr/5.4.0/../../../../avr/lib/avr5\libm.a(divsf3.o)
                              main.o (__divsf3)
c:/program files (x86)/atmel/studio/7.0/toolchain/avr8/avr8-gnu-toolchain/bin/../lib/gcc/avr/5.4.0/../../../../avr/lib/avr5\libm.a(divsf3x.o)
                              c:/program files (x86)/atmel/studio/7.0/toolchain/avr8/avr8-gnu-toolchain/bin/../lib/gcc/avr/5.4.0/../../../../avr/lib/avr5\libm.a(divsf3.o) (__divsf3x)
c:/program files (x86)/atmel/studio/7.0/toolchain/avr8/avr8-gnu-toolchain/bin/../lib/gcc/avr/5.4.0/../../../../avr/lib/avr5\libm.a(fixsfsi.o)
                              main.o (__fixsfsi)
c:/program files (x86)/atmel/studio/7.0/toolchain/avr8/avr8-gnu-toolchain/bin/../lib/gcc/avr/5.4.0/../../../../avr/lib/avr5\libm.a(fixunssfsi.o)
                              main.o (__fixunssfsi)
c:/program files (x86)/atmel/studio/7.0/toolchain/avr8/avr8-gnu-toolchain/bin/../lib/gcc/avr/5.4.0/../../../../avr/lib/avr5\libm.a(floatsisf.o)
                              main.o (__floatunsisf)
c:/program files (x86)/atmel/studio/7.0/toolchain/avr8/avr8-gnu-toolchain/bin/../lib/gcc/avr/5.4.0/../../../../avr/lib/avr5\libm.a(fp_inf.o)
                              c:/program files (x86)/atmel/studio/7.0/toolchain/avr8/avr8-gnu-toolchain/bin/../lib/gcc/avr/5.4.0/../../../../avr/lib/avr5\libm.a(addsf3x.o) (__fp_inf)
c:/program files (x86)/atmel/studio/7.0/toolchain/avr8/avr8-gnu-toolchain/bin/../lib/gcc/avr/5.4.0/../../../../avr/lib/avr5\libm.a(fp_nan.o)
                              c:/program files (x86)/atmel/studio/7.0/toolchain/avr8/avr8-gnu-toolchain/bin/../lib/gcc/avr/5.4.0/../../../../avr/lib/avr5\libm.a(addsf3x.o) (__fp_nan)
c:/program files (x86)/atmel/studio/7.0/toolchain/avr8/avr8-gnu-toolchain/bin/../lib/gcc/avr/5.4.0/../../../../avr/lib/avr5\libm.a(fp_pscA.o)
                              c:/program files (x86)/atmel/studio/7.0/toolchain/avr8/avr8-gnu-toolchain/bin/../lib/gcc/avr/5.4.0/../../../../avr/lib/avr5\libm.a(addsf3x.o) (__fp_pscA)
c:/program files (x86)/atmel/studio/7.0/toolchain/avr8/avr8-gnu-toolchain/bin/../lib/gcc/avr/5.4.0/../../../../avr/lib/avr5\libm.a(fp_pscB.o)
                              c:/program files (x86)/atmel/studio/7.0/toolchain/avr8/avr8-gnu-toolchain/bin/../lib/gcc/avr/5.4.0/../../../../avr/lib/avr5\libm.a(addsf3x.o) (__fp_pscB)
c:/program files (x86)/atmel/studio/7.0/toolchain/avr8/avr8-gnu-toolchain/bin/../lib/gcc/avr/5.4.0/../../../../avr/lib/avr5\libm.a(fp_round.o)
                              c:/program files (x86)/atmel/studio/7.0/toolchain/avr8/avr8-gnu-toolchain/bin/../lib/gcc/avr/5.4.0/../../../../avr/lib/avr5\libm.a(addsf3.o) (__fp_round)
c:/program files (x86)/atmel/studio/7.0/toolchain/avr8/avr8-gnu-toolchain/bin/../lib/gcc/avr/5.4.0/../../../../avr/lib/avr5\libm.a(fp_split3.o)
                              c:/program files (x86)/atmel/studio/7.0/toolchain/avr8/avr8-gnu-toolchain/bin/../lib/gcc/avr/5.4.0/../../../../avr/lib/avr5\libm.a(addsf3x.o) (__fp_split3)
c:/program files (x86)/atmel/studio/7.0/toolchain/avr8/avr8-gnu-toolchain/bin/../lib/gcc/avr/5.4.0/../../../../avr/lib/avr5\libm.a(fp_zero.o)
                              c:/program files (x86)/atmel/studio/7.0/toolchain/avr8/avr8-gnu-toolchain/bin/../lib/gcc/avr/5.4.0/../../../../avr/lib/avr5\libm.a(addsf3x.o) (__fp_zero)
c:/program files (x86)/atmel/studio/7.0/toolchain/avr8/avr8-gnu-toolchain/bin/../lib/gcc/avr/5.4.0/../../../../avr/lib/avr5\libm.a(mulsf3.o)
                              main.o (__mulsf3)
c:/program files (x86)/atmel/studio/7.0/toolchain/avr8/avr8-gnu-toolchain/bin/../lib/gcc/avr/5.4.0/../../../../avr/lib/avr5\libm.a(mulsf3x.o)
                              c:/program files (x86)/atmel/studio/7.0/toolchain/avr8/avr8-gnu-toolchain/bin/../lib/gcc/avr/5.4.0/../../../../avr/lib/avr5\libm.a(mulsf3.o) (__mulsf3x)
c:/program files (x86)/atmel/studio/7.0/toolchain/avr8/avr8-gnu-toolchain/bin/../lib/gcc/avr/5.4.0/avr5\libgcc.a(_mulsi3.o)
                              csrc/u8g2_arc.o (__mulsi3)
c:/program files (x86)/atmel/studio/7.0/toolchain/avr8/avr8-gnu-toolchain/bin/../lib/gcc/avr/5.4.0/avr5\libgcc.a(_udivmodhi4.o)
                              csrc/u8g2_selection_list.o (__udivmodhi4)
c:/program files (x86)/atmel/studio/7.0/toolchain/avr8/avr8-gnu-toolchain/bin/../lib/gcc/avr/5.4.0/avr5\libgcc.a(_divmodhi4.o)
[...]
Memory Configuration

Name             Origin             Length             Attributes
text             0x00000000         0x00008000         xr
data             0x00800100         0x00000800         rw !x
eeprom           0x00810000         0x00000400         rw !x
fuse             0x00820000         0x00000003         rw !x
lock             0x00830000         0x00000400         rw !x
signature        0x00840000         0x00000400         rw !x
user_signatures  0x00850000         0x00000400         rw !x
*default*        0x00000000         0xffffffff

Linker script and memory map

Address of section .data set to 0x800100
LOAD C:/Program Files (x86)/Atmel/Studio/7.0/Packs/Atmel/ATmega_DFP/1.7.374/gcc/dev/atmega328p/avr5/crtatmega328p.o
LOAD ADC.o
LOAD csrc/mui.o
LOAD csrc/mui_u8g2.o
LOAD csrc/u8g2_arc.o
LOAD csrc/u8g2_bitmap.o
LOAD csrc/u8g2_box.o
LOAD csrc/u8g2_buffer.o
LOAD csrc/u8g2_button.o
LOAD csrc/u8g2_circle.o
LOAD csrc/u8g2_cleardisplay.o
LOAD csrc/u8g2_d_memory.o
LOAD csrc/u8g2_d_setup.o
LOAD csrc/u8g2_font.o
LOAD csrc/u8g2_fonts.o
LOAD csrc/u8g2_hvline.o
LOAD csrc/u8g2_input_value.o
LOAD csrc/u8g2_intersection.o
LOAD csrc/u8g2_kerning.o
LOAD csrc/u8g2_line.o
LOAD csrc/u8g2_ll_hvline.o
LOAD csrc/u8g2_message.o
LOAD csrc/u8g2_polygon.o
LOAD csrc/u8g2_selection_list.o
LOAD csrc/u8g2_setup.o
LOAD csrc/u8log.o
LOAD csrc/u8log_u8g2.o
LOAD csrc/u8log_u8x8.o
LOAD csrc/u8x8_8x8.o
LOAD csrc/u8x8_byte.o
LOAD csrc/u8x8_cad.o
LOAD csrc/u8x8_capture.o
LOAD csrc/u8x8_debounce.o
LOAD csrc/u8x8_display.o
LOAD csrc/u8x8_d_a2printer.o
LOAD csrc/u8x8_d_gp1247ai.o
LOAD csrc/u8x8_d_gp1287ai.o
LOAD csrc/u8x8_d_gp1294ai.o
LOAD csrc/u8x8_d_gu800.o
LOAD csrc/u8x8_d_hd44102.o
LOAD csrc/u8x8_d_il3820_296x128.o
LOAD csrc/u8x8_d_ist3020.o
LOAD csrc/u8x8_d_ist3088.o
LOAD csrc/u8x8_d_ist7920.o
LOAD csrc/u8x8_d_ks0108.o
LOAD csrc/u8x8_d_lc7981.o
LOAD csrc/u8x8_d_ld7032_60x32.o
LOAD csrc/u8x8_d_ls013b7dh03.o
LOAD csrc/u8x8_d_max7219.o
LOAD csrc/u8x8_d_pcd8544_84x48.o
LOAD csrc/u8x8_d_pcf8812.o
LOAD csrc/u8x8_d_pcf8814_hx1230.o
LOAD csrc/u8x8_d_s1d15300.o
LOAD csrc/u8x8_d_s1d15721.o
LOAD csrc/u8x8_d_s1d15e06.o
LOAD csrc/u8x8_d_sbn1661.o
LOAD csrc/u8x8_d_sed1330.o
LOAD csrc/u8x8_d_sh1106_64x32.o
LOAD csrc/u8x8_d_sh1106_72x40.o
LOAD csrc/u8x8_d_sh1107.o
LOAD csrc/u8x8_d_sh1108.o
LOAD csrc/u8x8_d_sh1122.o
LOAD csrc/u8x8_d_ssd1305.o
LOAD csrc/u8x8_d_ssd1306_128x32.o
LOAD csrc/u8x8_d_ssd1306_128x64_noname.o
LOAD csrc/u8x8_d_ssd1306_2040x16.o
LOAD csrc/u8x8_d_ssd1306_48x64.o
LOAD csrc/u8x8_d_ssd1306_64x32.o
LOAD csrc/u8x8_d_ssd1306_64x48.o
LOAD csrc/u8x8_d_ssd1306_72x40.o
LOAD csrc/u8x8_d_ssd1306_96x16.o
LOAD csrc/u8x8_d_ssd1306_96x40.o
LOAD csrc/u8x8_d_ssd1309.o
LOAD csrc/u8x8_d_ssd1316.o
LOAD csrc/u8x8_d_ssd1317.o
LOAD csrc/u8x8_d_ssd1318.o
LOAD csrc/u8x8_d_ssd1320.o
LOAD csrc/u8x8_d_ssd1322.o
LOAD csrc/u8x8_d_ssd1325.o
LOAD csrc/u8x8_d_ssd1326.o
LOAD csrc/u8x8_d_ssd1327.o
LOAD csrc/u8x8_d_ssd1329.o
LOAD csrc/u8x8_d_ssd1362.o
LOAD csrc/u8x8_d_ssd1606_172x72.o
LOAD csrc/u8x8_d_ssd1607_200x200.o
LOAD csrc/u8x8_d_st7511.o
LOAD csrc/u8x8_d_st75160.o
LOAD csrc/u8x8_d_st75256.o
LOAD csrc/u8x8_d_st7528.o
LOAD csrc/u8x8_d_st75320.o
LOAD csrc/u8x8_d_st7539.o
LOAD csrc/u8x8_d_st7565.o
LOAD csrc/u8x8_d_st7567.o
LOAD csrc/u8x8_d_st7571.o
LOAD csrc/u8x8_d_st7586s_erc240160.o
LOAD csrc/u8x8_d_st7586s_jlx320160.o
LOAD csrc/u8x8_d_st7586s_jlx384160.o
LOAD csrc/u8x8_d_st7586s_s028hn118a.o
LOAD csrc/u8x8_d_st7586s_ymc240160.o
LOAD csrc/u8x8_d_st7588.o
LOAD csrc/u8x8_d_st7920.o
LOAD csrc/u8x8_d_stdio.o
LOAD csrc/u8x8_d_t6963.o
LOAD csrc/u8x8_d_uc1601.o
LOAD csrc/u8x8_d_uc1604.o
LOAD csrc/u8x8_d_uc1608.o
LOAD csrc/u8x8_d_uc1609.o
LOAD csrc/u8x8_d_uc1610.o
LOAD csrc/u8x8_d_uc1611.o
LOAD csrc/u8x8_d_uc1617.o
LOAD csrc/u8x8_d_uc1628.o
LOAD csrc/u8x8_d_uc1638.o
LOAD csrc/u8x8_d_uc1701_dogs102.o
LOAD csrc/u8x8_d_uc1701_mini12864.o
LOAD csrc/u8x8_fonts.o
LOAD csrc/u8x8_gpio.o
LOAD csrc/u8x8_input_value.o
LOAD csrc/u8x8_message.o
LOAD csrc/u8x8_selection_list.o
LOAD csrc/u8x8_setup.o
LOAD csrc/u8x8_string.o
LOAD csrc/u8x8_u16toa.o
LOAD csrc/u8x8_u8toa.o
LOAD lib/avr-hw-i2c/twimastertimeout.o
LOAD lib/u8x8_avr.o
LOAD main.o
LOAD Timer.o
START GROUP
LOAD c:/program files (x86)/atmel/studio/7.0/toolchain/avr8/avr8-gnu-toolchain/bin/../lib/gcc/avr/5.4.0/../../../../avr/lib/avr5\libm.a
END GROUP
START GROUP
LOAD c:/program files (x86)/atmel/studio/7.0/toolchain/avr8/avr8-gnu-toolchain/bin/../lib/gcc/avr/5.4.0/avr5\libgcc.a
LOAD c:/program files (x86)/atmel/studio/7.0/toolchain/avr8/avr8-gnu-toolchain/bin/../lib/gcc/avr/5.4.0/../../../../avr/lib/avr5\libm.a
LOAD c:/program files (x86)/atmel/studio/7.0/toolchain/avr8/avr8-gnu-toolchain/bin/../lib/gcc/avr/5.4.0/../../../../avr/lib/avr5\libc.a
LOAD C:/Program Files (x86)/Atmel/Studio/7.0/Packs/Atmel/ATmega_DFP/1.7.374/gcc/dev/atmega328p/avr5\libatmega328p.a
END GROUP
                0x00000000                __TEXT_REGION_ORIGIN__ = DEFINED (__TEXT_REGION_ORIGIN__)?__TEXT_REGION_ORIGIN__:0x0
                [0x00800100]                __DATA_REGION_ORIGIN__ = DEFINED (__DATA_REGION_ORIGIN__)?__DATA_REGION_ORIGIN__:0x800060
                [0x00008000]                __TEXT_REGION_LENGTH__ = DEFINED (__TEXT_REGION_LENGTH__)?__TEXT_REGION_LENGTH__:0x20000
                [0x00000800]                __DATA_REGION_LENGTH__ = DEFINED (__DATA_REGION_LENGTH__)?__DATA_REGION_LENGTH__:0xffa0
                [0x00000400]                __EEPROM_REGION_LENGTH__ = DEFINED (__EEPROM_REGION_LENGTH__)?__EEPROM_REGION_LENGTH__:0x10000
                [0x00000003]                __FUSE_REGION_LENGTH__ = DEFINED (__FUSE_REGION_LENGTH__)?__FUSE_REGION_LENGTH__:0x400
                0x00000400                __LOCK_REGION_LENGTH__ = DEFINED (__LOCK_REGION_LENGTH__)?__LOCK_REGION_LENGTH__:0x400
                0x00000400                __SIGNATURE_REGION_LENGTH__ = DEFINED (__SIGNATURE_REGION_LENGTH__)?__SIGNATURE_REGION_LENGTH__:0x400
                0x00000400                __USER_SIGNATURE_REGION_LENGTH__ = DEFINED (__USER_SIGNATURE_REGION_LENGTH__)?__USER_SIGNATURE_REGION_LENGTH__:0x400

.hash
 *(.hash)

.dynsym
 *(.dynsym)

.dynstr
 *(.dynstr)

.gnu.version
 *(.gnu.version)

.gnu.version_d
 *(.gnu.version_d)

.gnu.version_r
 *(.gnu.version_r)

.rel.init
 *(.rel.init)

.rela.init
 *(.rela.init)

.rel.text
 *(.rel.text)
 *(.rel.text.*)
 *(.rel.gnu.linkonce.t*)

.rela.text
 *(.rela.text)
 *(.rela.text.*)
 *(.rela.gnu.linkonce.t*)

.rel.fini
 *(.rel.fini)

.rela.fini
 *(.rela.fini)

.rel.rodata
 *(.rel.rodata)
 *(.rel.rodata.*)
 *(.rel.gnu.linkonce.r*)

.rela.rodata
 *(.rela.rodata)
 *(.rela.rodata.*)
 *(.rela.gnu.linkonce.r*)

.rel.data
 *(.rel.data)
 *(.rel.data.*)
 *(.rel.gnu.linkonce.d*)

.rela.data
 *(.rela.data)
 *(.rela.data.*)
 *(.rela.gnu.linkonce.d*)

.rel.ctors
 *(.rel.ctors)

.rela.ctors
 *(.rela.ctors)

.rel.dtors
 *(.rel.dtors)

.rela.dtors
 *(.rela.dtors)

.rel.got
 *(.rel.got)

.rela.got
 *(.rela.got)

.rel.bss
 *(.rel.bss)

.rela.bss
 *(.rela.bss)

.rel.plt
 *(.rel.plt)

.rela.plt
 *(.rela.plt)

.text           0x00000000     0x31fc
 *(.vectors)
 .vectors       0x00000000       0x68 C:/Program Files (x86)/Atmel/Studio/7.0/Packs/Atmel/ATmega_DFP/1.7.374/gcc/dev/atmega328p/avr5/crtatmega328p.o
                0x00000000                __vectors
                0x00000000                __vector_default
 *(.vectors)
 *(.progmem.gcc*)
                0x00000068                . = ALIGN (0x2)
                0x00000068                __trampolines_start = .
 *(.trampolines)
 .trampolines   0x00000068        0x0 linker stubs
 *(.trampolines*)
                0x00000068                __trampolines_end = .
 *libprintf_flt.a:*(.progmem.data)
 *libc.a:*(.progmem.data)
 *(.progmem*)
 .progmem.u8g2_font_6x12_mf
                0x00000068      0x9c7 csrc/u8g2_fonts.o
                0x00000068                u8g2_font_6x12_mf
 .progmem.u8g2_font_5x8_tf
                0x00000a2f      0x6b3 csrc/u8g2_fonts.o
                0x00000a2f                u8g2_font_5x8_tf
                0x000010e2                . = ALIGN (0x2)
 *(.jumptables)
 *(.jumptables*)
 *(.lowtext)
 *(.lowtext*)
                0x000010e2                __ctors_start = .
 *(.ctors)
                0x000010e2                __ctors_end = .
                0x000010e2                __dtors_start = .
 *(.dtors)
                0x000010e2                __dtors_end = .
 SORT(*)(.ctors)
 SORT(*)(.dtors)
 *(.init0)
 .init0         0x000010e2        0x0 C:/Program Files (x86)/Atmel/Studio/7.0/Packs/Atmel/ATmega_DFP/1.7.374/gcc/dev/atmega328p/avr5/crtatmega328p.o
                0x000010e2                __init
 *(.init0)
 *(.init1)
 *(.init1)
 *(.init2)
 .init2         0x000010e2        0xc C:/Program Files (x86)/Atmel/Studio/7.0/Packs/Atmel/ATmega_DFP/1.7.374/gcc/dev/atmega328p/avr5/crtatmega328p.o
 *(.init2)
 *(.init3)
 *(.init3)
 *(.init4)
 .init4         0x000010ee       0x16 c:/program files (x86)/atmel/studio/7.0/toolchain/avr8/avr8-gnu-toolchain/bin/../lib/gcc/avr/5.4.0/avr5\libgcc.a(_copy_data.o)
                0x000010ee                __do_copy_data
 .init4         0x00001104       0x10 c:/program files (x86)/atmel/studio/7.0/toolchain/avr8/avr8-gnu-toolchain/bin/../lib/gcc/avr/5.4.0/avr5\libgcc.a(_clear_bss.o)
                0x00001104                __do_clear_bss
 *(.init4)
 *(.init5)
 *(.init5)
 *(.init6)
 *(.init6)
 *(.init7)
 *(.init7)
 *(.init8)
 *(.init8)
 *(.init9)
 .init9         0x00001114        0x8 C:/Program Files (x86)/Atmel/Studio/7.0/Packs/Atmel/ATmega_DFP/1.7.374/gcc/dev/atmega328p/avr5/crtatmega328p.o
 *(.init9)
 *(.text)
 .text          0x0000111c        0x4 C:/Program Files (x86)/Atmel/Studio/7.0/Packs/Atmel/ATmega_DFP/1.7.374/gcc/dev/atmega328p/avr5/crtatmega328p.o
                0x0000111c                __vector_21
                0x0000111c                __vector_22
                0x0000111c                __vector_20
                0x0000111c                __vector_24
                0x0000111c                __vector_23
                0x0000111c                __vector_25
                0x0000111c                __vector_12
                0x0000111c                __vector_13
                0x0000111c                __vector_10
                0x0000111c                __vector_19
                0x0000111c                __vector_18
                0x0000111c                __vector_11
                0x0000111c                __vector_3
                0x0000111c                __vector_4
                0x0000111c                __vector_9
                0x0000111c                __vector_2
                0x0000111c                __vector_1
                0x0000111c                __vector_7
                0x0000111c                __vector_6
                0x0000111c                __vector_5
                0x0000111c                __vector_8
                0x0000111c                __vector_15
                0x0000111c                __vector_14
                0x0000111c                __vector_16
                0x0000111c                __vector_17
                0x0000111c                __bad_interrupt
                0x00001120                . = ALIGN (0x2)
 *(.text.*)
 .text.u8g2_send_tile_row
                0x00001120       0x38 csrc/u8g2_buffer.o
 .text.u8g2_send_buffer
                0x00001158       0x48 csrc/u8g2_buffer.o
 .text.u8g2_ClearBuffer
                0x000011a0       0x2c csrc/u8g2_buffer.o
                0x000011a0                u8g2_ClearBuffer
 .text.u8g2_SendBuffer
                0x000011cc       0x16 csrc/u8g2_buffer.o
                0x000011cc                u8g2_SendBuffer
 .text.u8g2_m_16_8_f
                0x000011e2        0xc csrc/u8g2_d_memory.o
                0x000011e2                u8g2_m_16_8_f
 .text.u8g2_Setup_ssd1306_i2c_128x64_noname_f
                0x000011ee       0x56 csrc/u8g2_d_setup.o
                0x000011ee                u8g2_Setup_ssd1306_i2c_128x64_noname_f
 .text.u8g2_font_get_byte
                0x00001244        0xa csrc/u8g2_font.o
 .text.u8g2_font_get_word
                0x0000124e       0x18 csrc/u8g2_font.o
 .text.u8g2_font_calc_vref_font
                0x00001266        0x6 csrc/u8g2_font.o
                0x00001266                u8g2_font_calc_vref_font
 .text.u8g2_font_calc_vref_top
                0x0000126c       0x12 csrc/u8g2_font.o
                0x0000126c                u8g2_font_calc_vref_top
 .text.u8g2_read_font_info
                0x0000127e       0xe4 csrc/u8g2_font.o
                0x0000127e                u8g2_read_font_info
 .text.u8g2_font_decode_get_unsigned_bits
                0x00001362       0x60 csrc/u8g2_font.o
                0x00001362                u8g2_font_decode_get_unsigned_bits
 .text.u8g2_font_setup_decode
                0x000013c2       0x52 csrc/u8g2_font.o
 .text.u8g2_font_decode_get_signed_bits
                0x00001414       0x1e csrc/u8g2_font.o
                0x00001414                u8g2_font_decode_get_signed_bits
 .text.u8g2_add_vector_y
                0x00001432       0x34 csrc/u8g2_font.o
                0x00001432                u8g2_add_vector_y
 .text.u8g2_add_vector_x
                0x00001466       0x34 csrc/u8g2_font.o
                0x00001466                u8g2_add_vector_x
 .text.u8g2_font_decode_len
                0x0000149a       0xe2 csrc/u8g2_font.o
                0x0000149a                u8g2_font_decode_len
 .text.u8g2_font_decode_glyph
                0x0000157c      0x1c0 csrc/u8g2_font.o
                0x0000157c                u8g2_font_decode_glyph
 .text.u8g2_font_get_glyph_data
                0x0000173c       0xe4 csrc/u8g2_font.o
                0x0000173c                u8g2_font_get_glyph_data
 .text.u8g2_font_draw_glyph
                0x00001820       0x3a csrc/u8g2_font.o
 .text.u8g2_DrawGlyph
                0x0000185a       0xa4 csrc/u8g2_font.o
                0x0000185a                u8g2_DrawGlyph
 .text.u8g2_draw_string
                0x000018fe       0x9e csrc/u8g2_font.o
 .text.u8g2_DrawStr
                0x0000199c       0x14 csrc/u8g2_font.o
                0x0000199c                u8g2_DrawStr
 .text.u8g2_UpdateRefHeight
                0x000019b0       0x88 csrc/u8g2_font.o
                0x000019b0                u8g2_UpdateRefHeight
 .text.u8g2_SetFontRefHeightText
                0x00001a38        0xe csrc/u8g2_font.o
                0x00001a38                u8g2_SetFontRefHeightText
 .text.u8g2_SetFontPosBaseline
                0x00001a46       0x10 csrc/u8g2_font.o
                0x00001a46                u8g2_SetFontPosBaseline
 .text.u8g2_SetFontPosTop
                0x00001a56       0x10 csrc/u8g2_font.o
                0x00001a56                u8g2_SetFontPosTop
 .text.u8g2_SetFont
                0x00001a66       0x2e csrc/u8g2_font.o
                0x00001a66                u8g2_SetFont
 .text.u8g2_clip_intersection2
                0x00001a94       0x64 csrc/u8g2_hvline.o
 .text.u8g2_draw_hv_line_2dir
                0x00001af8       0x1e csrc/u8g2_hvline.o
                0x00001af8                u8g2_draw_hv_line_2dir
 .text.u8g2_DrawHVLine
                0x00001b16      0x132 csrc/u8g2_hvline.o
                0x00001b16                u8g2_DrawHVLine
 .text.u8g2_DrawPixel
                0x00001c48       0x3c csrc/u8g2_hvline.o
                0x00001c48                u8g2_DrawPixel
 .text.u8g2_is_intersection_decision_tree
                0x00001c84       0x36 csrc/u8g2_intersection.o
                0x00001c84                u8g2_is_intersection_decision_tree
 .text.u8g2_IsIntersection
                0x00001cba       0x4a csrc/u8g2_intersection.o
                0x00001cba                u8g2_IsIntersection
 .text.u8g2_DrawLine
                0x00001d04      0x118 csrc/u8g2_line.o
                0x00001d04                u8g2_DrawLine
 .text.u8g2_ll_hvline_vertical_top_lsb
                0x00001e1c       0xc0 csrc/u8g2_ll_hvline.o
                0x00001e1c                u8g2_ll_hvline_vertical_top_lsb
 .text.u8g2_update_dimension_common
                0x00001edc       0xa0 csrc/u8g2_setup.o
 .text.u8g2_update_dimension_r0
                0x00001f7c        0x6 csrc/u8g2_setup.o
                0x00001f7c                u8g2_update_dimension_r0
 .text.u8g2_apply_clip_window
                0x00001f82       0x9a csrc/u8g2_setup.o
 .text.u8g2_update_page_win_r0
                0x0000201c       0x26 csrc/u8g2_setup.o
                0x0000201c                u8g2_update_page_win_r0
 .text.u8g2_draw_l90_r0
                0x00002042        0xa csrc/u8g2_setup.o
                0x00002042                u8g2_draw_l90_r0
 .text.u8g2_SetMaxClipWindow
                0x0000204c       0x38 csrc/u8g2_setup.o
                0x0000204c                u8g2_SetMaxClipWindow
 .text.u8g2_SetupBuffer
                0x00002084       0x60 csrc/u8g2_setup.o
                0x00002084                u8g2_SetupBuffer
 .text.u8x8_ascii_next
                0x000020e4       0x1a csrc/u8x8_8x8.o
                0x000020e4                u8x8_ascii_next
 .text.u8x8_utf8_init
                0x000020fe        0x6 csrc/u8x8_8x8.o
                0x000020fe                u8x8_utf8_init
 .text.u8x8_byte_SendBytes
                0x00002104       0x14 csrc/u8x8_byte.o
                0x00002104                u8x8_byte_SendBytes
 .text.u8x8_byte_SendByte
                0x00002118       0x20 csrc/u8x8_byte.o
                0x00002118                u8x8_byte_SendByte
 .text.u8x8_byte_StartTransfer
                0x00002138       0x16 csrc/u8x8_byte.o
                0x00002138                u8x8_byte_StartTransfer
 .text.u8x8_byte_EndTransfer
                0x0000214e       0x16 csrc/u8x8_byte.o
                0x0000214e                u8x8_byte_EndTransfer
 .text.u8x8_i2c_data_transfer
                0x00002164       0x3c csrc/u8x8_cad.o
 .text.u8x8_cad_SendCmd
                0x000021a0       0x16 csrc/u8x8_cad.o
                0x000021a0                u8x8_cad_SendCmd
 .text.u8x8_cad_SendArg
                0x000021b6       0x16 csrc/u8x8_cad.o
                0x000021b6                u8x8_cad_SendArg
 .text.u8x8_cad_SendData
                0x000021cc       0x14 csrc/u8x8_cad.o
                0x000021cc                u8x8_cad_SendData
 .text.u8x8_cad_StartTransfer
                0x000021e0       0x16 csrc/u8x8_cad.o
                0x000021e0                u8x8_cad_StartTransfer
 .text.u8x8_cad_EndTransfer
                0x000021f6       0x16 csrc/u8x8_cad.o
                0x000021f6                u8x8_cad_EndTransfer
 .text.u8x8_cad_SendSequence
                0x0000220c       0x9e csrc/u8x8_cad.o
                0x0000220c                u8x8_cad_SendSequence
 .text.u8x8_cad_ssd13xx_fast_i2c
                0x000022aa       0xf0 csrc/u8x8_cad.o
                0x000022aa                u8x8_cad_ssd13xx_fast_i2c
 .text.u8x8_d_helper_display_setup_memory
                0x0000239a       0x10 csrc/u8x8_display.o
                0x0000239a                u8x8_d_helper_display_setup_memory
 .text.u8x8_d_helper_display_init
                0x000023aa       0x72 csrc/u8x8_display.o
                0x000023aa                u8x8_d_helper_display_init
 .text.u8x8_DrawTile
                0x0000241c       0x46 csrc/u8x8_display.o
                0x0000241c                u8x8_DrawTile
 .text.u8x8_SetupMemory
                0x00002462       0x16 csrc/u8x8_display.o
                0x00002462                u8x8_SetupMemory
 .text.u8x8_InitDisplay
                0x00002478       0x16 csrc/u8x8_display.o
                0x00002478                u8x8_InitDisplay
 .text.u8x8_SetPowerSave
                0x0000248e       0x16 csrc/u8x8_display.o
                0x0000248e                u8x8_SetPowerSave
 .text.u8x8_RefreshDisplay
                0x000024a4       0x16 csrc/u8x8_display.o
                0x000024a4                u8x8_RefreshDisplay
 .text.u8x8_d_ssd1306_sh1106_generic
                0x000024ba      0x112 csrc/u8x8_d_ssd1306_128x64_noname.o
 .text.u8x8_d_ssd1306_128x64_noname
                0x000025cc       0x46 csrc/u8x8_d_ssd1306_128x64_noname.o
                0x000025cc                u8x8_d_ssd1306_128x64_noname
 .text.u8x8_gpio_call
                0x00002612       0x12 csrc/u8x8_gpio.o
                0x00002612                u8x8_gpio_call
 .text.u8x8_dummy_cb
                0x00002624        0x4 csrc/u8x8_setup.o
                0x00002624                u8x8_dummy_cb
 .text.u8x8_SetupDefaults
                0x00002628       0x2e csrc/u8x8_setup.o
                0x00002628                u8x8_SetupDefaults
 .text.u8x8_Setup
                0x00002656       0x4c csrc/u8x8_setup.o
                0x00002656                u8x8_Setup
 .text.i2c_init
                0x000026a2        0xc lib/avr-hw-i2c/twimastertimeout.o
                0x000026a2                i2c_init
 .text.i2c_start_wait
                0x000026ae       0xbc lib/avr-hw-i2c/twimastertimeout.o
                0x000026ae                i2c_start_wait
 .text.i2c_stop
                0x0000276a       0x32 lib/avr-hw-i2c/twimastertimeout.o
                0x0000276a                i2c_stop
 .text.i2c_write
                0x0000279c       0x56 lib/avr-hw-i2c/twimastertimeout.o
                0x0000279c                i2c_write
 .text.u8x8_byte_avr_hw_i2c
                0x000027f2       0x66 lib/u8x8_avr.o
                0x000027f2                u8x8_byte_avr_hw_i2c
 .text.u8x8_avr_delay
                0x00002858       0x76 lib/u8x8_avr.o
                0x00002858                u8x8_avr_delay
 .text.drawMultiplePWMWaveforms
                0x000028ce      0x1bc main.o
                0x000028ce                drawMultiplePWMWaveforms
 .text.main     0x00002a8a      0x1d4 main.o
                0x00002a8a                main
 .text.avr-libc.fplib
                0x00002c5e        0xe c:/program files (x86)/atmel/studio/7.0/toolchain/avr8/avr8-gnu-toolchain/bin/../lib/gcc/avr/5.4.0/../../../../avr/lib/avr5\libm.a(addsf3.o)
                0x00002c5e                __subsf3
                0x00002c60                __addsf3
 .text.avr-libc.fplib
                0x00002c6c       0xcc c:/program files (x86)/atmel/studio/7.0/toolchain/avr8/avr8-gnu-toolchain/bin/../lib/gcc/avr/5.4.0/../../../../avr/lib/avr5\libm.a(addsf3x.o)
                0x00002c8e                __addsf3x
 .text.avr-libc.fplib
                0x00002d38        0x8 c:/program files (x86)/atmel/studio/7.0/toolchain/avr8/avr8-gnu-toolchain/bin/../lib/gcc/avr/5.4.0/../../../../avr/lib/avr5\libm.a(divsf3.o)
                0x00002d38                __divsf3
 .text.avr-libc.fplib
                0x00002d40       0xdc c:/program files (x86)/atmel/studio/7.0/toolchain/avr8/avr8-gnu-toolchain/bin/../lib/gcc/avr/5.4.0/../../../../avr/lib/avr5\libm.a(divsf3x.o)
                0x00002d60                __divsf3x
                0x00002d66                __divsf3_pse
 .text.avr-libc.fplib
                0x00002e1c        0xe c:/program files (x86)/atmel/studio/7.0/toolchain/avr8/avr8-gnu-toolchain/bin/../lib/gcc/avr/5.4.0/../../../../avr/lib/avr5\libm.a(fixsfsi.o)
                0x00002e1c                __fixsfsi
 .text.avr-libc.fplib
                0x00002e2a       0x5e c:/program files (x86)/atmel/studio/7.0/toolchain/avr8/avr8-gnu-toolchain/bin/../lib/gcc/avr/5.4.0/../../../../avr/lib/avr5\libm.a(fixunssfsi.o)
                0x00002e2a                __fixunssfsi
 .text.avr-libc.fplib
                0x00002e88       0x7a c:/program files (x86)/atmel/studio/7.0/toolchain/avr8/avr8-gnu-toolchain/bin/../lib/gcc/avr/5.4.0/../../../../avr/lib/avr5\libm.a(floatsisf.o)
                0x00002e88                __floatunsisf
                0x00002e8c                __floatsisf
 .text.avr-libc.fplib
                0x00002f02        0xc c:/program files (x86)/atmel/studio/7.0/toolchain/avr8/avr8-gnu-toolchain/bin/../lib/gcc/avr/5.4.0/../../../../avr/lib/avr5\libm.a(fp_inf.o)
                0x00002f02                __fp_inf
 .text.avr-libc.fplib
                0x00002f0e        0x6 c:/program files (x86)/atmel/studio/7.0/toolchain/avr8/avr8-gnu-toolchain/bin/../lib/gcc/avr/5.4.0/../../../../avr/lib/avr5\libm.a(fp_nan.o)
                0x00002f0e                __fp_nan
 .text.avr-libc.fplib
                0x00002f14        0xe c:/program files (x86)/atmel/studio/7.0/toolchain/avr8/avr8-gnu-toolchain/bin/../lib/gcc/avr/5.4.0/../../../../avr/lib/avr5\libm.a(fp_pscA.o)
                0x00002f14                __fp_pscA
 .text.avr-libc.fplib
                0x00002f22        0xe c:/program files (x86)/atmel/studio/7.0/toolchain/avr8/avr8-gnu-toolchain/bin/../lib/gcc/avr/5.4.0/../../../../avr/lib/avr5\libm.a(fp_pscB.o)
                0x00002f22                __fp_pscB
 .text.avr-libc.fplib
                0x00002f30       0x22 c:/program files (x86)/atmel/studio/7.0/toolchain/avr8/avr8-gnu-toolchain/bin/../lib/gcc/avr/5.4.0/../../../../avr/lib/avr5\libm.a(fp_round.o)
                0x00002f30                __fp_round
 .text.avr-libc.fplib
                0x00002f52       0x44 c:/program files (x86)/atmel/studio/7.0/toolchain/avr8/avr8-gnu-toolchain/bin/../lib/gcc/avr/5.4.0/../../../../avr/lib/avr5\libm.a(fp_split3.o)
                0x00002f52                __fp_split3
                0x00002f62                __fp_splitA
 .text.avr-libc.fplib
                0x00002f96        0xe c:/program files (x86)/atmel/studio/7.0/toolchain/avr8/avr8-gnu-toolchain/bin/../lib/gcc/avr/5.4.0/../../../../avr/lib/avr5\libm.a(fp_zero.o)
                0x00002f96                __fp_zero
                0x00002f98                __fp_szero
 .text.avr-libc.fplib
                0x00002fa4        0x8 c:/program files (x86)/atmel/studio/7.0/toolchain/avr8/avr8-gnu-toolchain/bin/../lib/gcc/avr/5.4.0/../../../../avr/lib/avr5\libm.a(mulsf3.o)
                0x00002fa4                __mulsf3
 .text.avr-libc.fplib
                0x00002fac       0xd2 c:/program files (x86)/atmel/studio/7.0/toolchain/avr8/avr8-gnu-toolchain/bin/../lib/gcc/avr/5.4.0/../../../../avr/lib/avr5\libm.a(mulsf3x.o)
                0x00002fca                __mulsf3x
                0x00002fd0                __mulsf3_pse
 .text.libgcc.div
                0x0000307e       0x44 c:/program files (x86)/atmel/studio/7.0/toolchain/avr8/avr8-gnu-toolchain/bin/../lib/gcc/avr/5.4.0/avr5\libgcc.a(_udivmodsi4.o)
                0x0000307e                __udivmodsi4
 .text.libgcc.div
                0x000030c2       0x2e c:/program files (x86)/atmel/studio/7.0/toolchain/avr8/avr8-gnu-toolchain/bin/../lib/gcc/avr/5.4.0/avr5\libgcc.a(_divmodsi4.o)
                0x000030c2                __divmodsi4
 .text.libgcc.div
                0x000030f0       0x10 c:/program files (x86)/atmel/studio/7.0/toolchain/avr8/avr8-gnu-toolchain/bin/../lib/gcc/avr/5.4.0/avr5\libgcc.a(_negsi2.o)
                0x000030f0                __negsi2
 .text.libgcc.mul
                0x00003100       0x1e c:/program files (x86)/atmel/studio/7.0/toolchain/avr8/avr8-gnu-toolchain/bin/../lib/gcc/avr/5.4.0/avr5\libgcc.a(_umulhisi3.o)
                0x00003100                __umulhisi3
 .text.avr-libc
                0x0000311e        0xe c:/program files (x86)/atmel/studio/7.0/toolchain/avr8/avr8-gnu-toolchain/bin/../lib/gcc/avr/5.4.0/../../../../avr/lib/avr5\libc.a(memset.o)
                0x0000311e                memset
 .text.avr-libc
                0x0000312c       0x16 c:/program files (x86)/atmel/studio/7.0/toolchain/avr8/avr8-gnu-toolchain/bin/../lib/gcc/avr/5.4.0/../../../../avr/lib/avr5\libc.a(itoa_ncheck.o)
                0x0000312c                __itoa_ncheck
 .text.avr-libc
                0x00003142       0x1e c:/program files (x86)/atmel/studio/7.0/toolchain/avr8/avr8-gnu-toolchain/bin/../lib/gcc/avr/5.4.0/../../../../avr/lib/avr5\libc.a(ltoa_ncheck.o)
                0x00003142                __ltoa_ncheck
 .text.avr-libc
                0x00003160       0x44 c:/program files (x86)/atmel/studio/7.0/toolchain/avr8/avr8-gnu-toolchain/bin/../lib/gcc/avr/5.4.0/../../../../avr/lib/avr5\libc.a(ultoa_ncheck.o)
                0x00003160                __ultoa_ncheck
                0x00003162                __ultoa_common
 .text.avr-libc
                0x000031a4       0x34 c:/program files (x86)/atmel/studio/7.0/toolchain/avr8/avr8-gnu-toolchain/bin/../lib/gcc/avr/5.4.0/../../../../avr/lib/avr5\libc.a(utoa_ncheck.o)
                0x000031a4                __utoa_ncheck
                0x000031a6                __utoa_common
 .text.avr-libc
                0x000031d8       0x20 c:/program files (x86)/atmel/studio/7.0/toolchain/avr8/avr8-gnu-toolchain/bin/../lib/gcc/avr/5.4.0/../../../../avr/lib/avr5\libc.a(strrev.o)
                0x000031d8                strrev
                0x000031f8                . = ALIGN (0x2)
 *(.fini9)
 .fini9         0x000031f8        0x0 c:/program files (x86)/atmel/studio/7.0/toolchain/avr8/avr8-gnu-toolchain/bin/../lib/gcc/avr/5.4.0/avr5\libgcc.a(_exit.o)
                0x000031f8                exit
                0x000031f8                _exit
 *(.fini9)
 *(.fini8)
 *(.fini8)
 *(.fini7)
 *(.fini7)
 *(.fini6)
 *(.fini6)
 *(.fini5)
 *(.fini5)
 *(.fini4)
 *(.fini4)
 *(.fini3)
 *(.fini3)
 *(.fini2)
 *(.fini2)
 *(.fini1)
 *(.fini1)
 *(.fini0)
 .fini0         0x000031f8        0x4 c:/program files (x86)/atmel/studio/7.0/toolchain/avr8/avr8-gnu-toolchain/bin/../lib/gcc/avr/5.4.0/avr5\libgcc.a(_exit.o)
 *(.fini0)
                0x000031fc                _etext = .

.data           0x00800100       0x78 load address 0x000031fc
                0x00800100                PROVIDE (__data_start, .)
 *(.data)
 *(.data*)
 *(.gnu.linkonce.d*)
 *(.rodata)
 *(.rodata*)
 .rodata.u8g2_cb_r0
                0x00800100        0x6 csrc/u8g2_setup.o
                0x00800100                u8g2_cb_r0
 .rodata.u8x8_ssd1306_128x64_noname_display_info
                0x00800106       0x18 csrc/u8x8_d_ssd1306_128x64_noname.o
 .rodata.u8x8_d_ssd1306_128x64_noname_flip1_seq
                0x0080011e        0x7 csrc/u8x8_d_ssd1306_128x64_noname.o
 .rodata.u8x8_d_ssd1306_128x64_noname_flip0_seq
                0x00800125        0x7 csrc/u8x8_d_ssd1306_128x64_noname.o
 .rodata.u8x8_d_ssd1306_128x64_noname_powersave1_seq
                0x0080012c        0x5 csrc/u8x8_d_ssd1306_128x64_noname.o
 .rodata.u8x8_d_ssd1306_128x64_noname_powersave0_seq
                0x00800131        0x5 csrc/u8x8_d_ssd1306_128x64_noname.o
 .rodata.u8x8_d_ssd1306_128x64_noname_init_seq
                0x00800136       0x35 csrc/u8x8_d_ssd1306_128x64_noname.o
 .rodata.str1.1
                0x0080016b        0xd main.o
 *(.gnu.linkonce.r*)
                0x00800178                . = ALIGN (0x2)
                0x00800178                _edata = .
                0x00800178                PROVIDE (__data_end, .)

.bss            0x00800178      0x481
                0x00800178                PROVIDE (__bss_start, .)
 *(.bss)
 *(.bss*)
 .bss.buf.10955
                0x00800178      0x400 csrc/u8g2_d_memory.o
 .bss.in_transfer.3630
                0x00800578        0x1 csrc/u8x8_cad.o
 *(COMMON)
 COMMON         0x00800579       0x80 main.o
                0x00800579                d
                0x0080057d                u8g2
                0x008005f3                startTime
                0x008005f5                period
                0x008005f7                endTime
                0x008005f9                PROVIDE (__bss_end, .)
                0x000031fc                __data_load_start = LOADADDR (.data)
                0x00003274                __data_load_end = (__data_load_start + SIZEOF (.data))

.noinit         0x008005f9        0x0
                [!provide]                PROVIDE (__noinit_start, .)
 *(.noinit*)
                [!provide]                PROVIDE (__noinit_end, .)
                0x008005f9                _end = .
                [!provide]                PROVIDE (__heap_start, .)

.eeprom         0x00810000        0x0
 *(.eeprom*)
                0x00810000                __eeprom_end = .

.fuse
 *(.fuse)
 *(.lfuse)
 *(.hfuse)
 *(.efuse)

.lock
 *(.lock*)

.signature
 *(.signature*)

.user_signatures
 *(.user_signatures*)

.stab
 *(.stab)

.stabstr
 *(.stabstr)

.stab.excl
 *(.stab.excl)

.stab.exclstr
 *(.stab.exclstr)

.stab.index
 *(.stab.index)

.stab.indexstr
 *(.stab.indexstr)

.comment        0x00000000       0x30
 *(.comment)
 .comment       0x00000000       0x30 csrc/u8g2_buffer.o
                                 0x31 (size before relaxing)
 .comment       0x00000030       0x31 csrc/u8g2_d_memory.o
 .comment       0x00000030       0x31 csrc/u8g2_d_setup.o
 .comment       0x00000030       0x31 csrc/u8g2_font.o
 .comment       0x00000030       0x31 csrc/u8g2_fonts.o
 .comment       0x00000030       0x31 csrc/u8g2_hvline.o
 .comment       0x00000030       0x31 csrc/u8g2_intersection.o
 .comment       0x00000030       0x31 csrc/u8g2_line.o
 .comment       0x00000030       0x31 csrc/u8g2_ll_hvline.o
 .comment       0x00000030       0x31 csrc/u8g2_setup.o
 .comment       0x00000030       0x31 csrc/u8x8_8x8.o
 .comment       0x00000030       0x31 csrc/u8x8_byte.o
 .comment       0x00000030       0x31 csrc/u8x8_cad.o
 .comment       0x00000030       0x31 csrc/u8x8_display.o
 .comment       0x00000030       0x31 csrc/u8x8_d_ssd1306_128x64_noname.o
 .comment       0x00000030       0x31 csrc/u8x8_gpio.o
 .comment       0x00000030       0x31 csrc/u8x8_setup.o
 .comment       0x00000030       0x31 lib/avr-hw-i2c/twimastertimeout.o
 .comment       0x00000030       0x31 lib/u8x8_avr.o
 .comment       0x00000030       0x31 main.o

.note.gnu.avr.deviceinfo
                0x00000000       0x40
 .note.gnu.avr.deviceinfo
                0x00000000       0x40 C:/Program Files (x86)/Atmel/Studio/7.0/Packs/Atmel/ATmega_DFP/1.7.374/gcc/dev/atmega328p/avr5/crtatmega328p.o

.note.gnu.build-id
 *(.note.gnu.build-id)

.debug
 *(.debug)

.line
 *(.line)

.debug_srcinfo
 *(.debug_srcinfo)

.debug_sfnames
 *(.debug_sfnames)

.debug_aranges  0x00000000     0x2b88
 *(.debug_aranges)
 .debug_aranges
                0x00000000       0x80 csrc/u8g2_buffer.o
 .debug_aranges
                0x00000080      0x618 csrc/u8g2_d_memory.o
 .debug_aranges
                0x00000698     0x1d28 csrc/u8g2_d_setup.o
 .debug_aranges
                0x000023c0      0x1d0 csrc/u8g2_font.o
 .debug_aranges
                0x00002590       0x18 csrc/u8g2_fonts.o
 .debug_aranges
                0x000025a8       0x50 csrc/u8g2_hvline.o
 .debug_aranges
                0x000025f8       0x28 csrc/u8g2_intersection.o
 .debug_aranges
                0x00002620       0x20 csrc/u8g2_line.o
 .debug_aranges
                0x00002640       0x28 csrc/u8g2_ll_hvline.o
 .debug_aranges
                0x00002668       0xc8 csrc/u8g2_setup.o
 .debug_aranges
                0x00002730       0xc8 csrc/u8x8_8x8.o
 .debug_aranges
                0x000027f8       0xe0 csrc/u8x8_byte.o
 .debug_aranges
                0x000028d8       0xd0 csrc/u8x8_cad.o
 .debug_aranges
                0x000029a8       0x88 csrc/u8x8_display.o
 .debug_aranges
                0x00002a30       0x58 csrc/u8x8_d_ssd1306_128x64_noname.o
 .debug_aranges
                0x00002a88       0x20 csrc/u8x8_gpio.o
 .debug_aranges
                0x00002aa8       0x38 csrc/u8x8_setup.o
 .debug_aranges
                0x00002ae0       0x58 lib/avr-hw-i2c/twimastertimeout.o
 .debug_aranges
                0x00002b38       0x28 lib/u8x8_avr.o
 .debug_aranges
                0x00002b60       0x28 main.o

.debug_pubnames
 *(.debug_pubnames)

.debug_info     0x00000000    0x5a5a1
 *(.debug_info .gnu.linkonce.wi.*)
 .debug_info    0x00000000      0x5f4 C:/Program Files (x86)/Atmel/Studio/7.0/Packs/Atmel/ATmega_DFP/1.7.374/gcc/dev/atmega328p/avr5/crtatmega328p.o
 .debug_info    0x000005f4      0xe9f csrc/u8g2_buffer.o
 .debug_info    0x00001493     0x36ec csrc/u8g2_d_memory.o
 .debug_info    0x00004b7f    0x34e73 csrc/u8g2_d_setup.o
 .debug_info    0x000399f2     0x2de9 csrc/u8g2_font.o
 .debug_info    0x0003c7db    0x11d3e csrc/u8g2_fonts.o
 .debug_info    0x0004e519      0xc03 csrc/u8g2_hvline.o
 .debug_info    0x0004f11c      0x961 csrc/u8g2_intersection.o
 .debug_info    0x0004fa7d      0x9a8 csrc/u8g2_line.o
 .debug_info    0x00050425      0x9c5 csrc/u8g2_ll_hvline.o
 .debug_info    0x00050dea     0x125d csrc/u8g2_setup.o
 .debug_info    0x00052047     0x143d csrc/u8x8_8x8.o
 .debug_info    0x00053484     0x1a06 csrc/u8x8_byte.o
 .debug_info    0x00054e8a     0x1ce9 csrc/u8x8_cad.o
 .debug_info    0x00056b73      0xa22 csrc/u8x8_display.o
 .debug_info    0x00057595      0xe44 csrc/u8x8_d_ssd1306_128x64_noname.o
 .debug_info    0x000583d9      0x3c9 csrc/u8x8_gpio.o
 .debug_info    0x000587a2      0x52e csrc/u8x8_setup.o
 .debug_info    0x00058cd0      0x22d lib/avr-hw-i2c/twimastertimeout.o
 .debug_info    0x00058efd      0x577 lib/u8x8_avr.o
 .debug_info    0x00059474     0x112d main.o

.debug_abbrev   0x00000000     0x2776
 *(.debug_abbrev)
 .debug_abbrev  0x00000000      0x5a2 C:/Program Files (x86)/Atmel/Studio/7.0/Packs/Atmel/ATmega_DFP/1.7.374/gcc/dev/atmega328p/avr5/crtatmega328p.o
 .debug_abbrev  0x000005a2      0x1bf csrc/u8g2_buffer.o
 .debug_abbrev  0x00000761       0xd8 csrc/u8g2_d_memory.o
 .debug_abbrev  0x00000839      0x187 csrc/u8g2_d_setup.o
 .debug_abbrev  0x000009c0      0x303 csrc/u8g2_font.o
 .debug_abbrev  0x00000cc3       0x88 csrc/u8g2_fonts.o
 .debug_abbrev  0x00000d4b      0x187 csrc/u8g2_hvline.o
 .debug_abbrev  0x00000ed2      0x14a csrc/u8g2_intersection.o
 .debug_abbrev  0x0000101c      0x15c csrc/u8g2_line.o
 .debug_abbrev  0x00001178      0x14f csrc/u8g2_ll_hvline.o
 .debug_abbrev  0x000012c7      0x25f csrc/u8g2_setup.o
 .debug_abbrev  0x00001526      0x2b6 csrc/u8x8_8x8.o
 .debug_abbrev  0x000017dc      0x236 csrc/u8x8_byte.o
 .debug_abbrev  0x00001a12      0x278 csrc/u8x8_cad.o
 .debug_abbrev  0x00001c8a      0x1bf csrc/u8x8_display.o
 .debug_abbrev  0x00001e49      0x19f csrc/u8x8_d_ssd1306_128x64_noname.o
 .debug_abbrev  0x00001fe8       0xe9 csrc/u8x8_gpio.o
 .debug_abbrev  0x000020d1      0x17a csrc/u8x8_setup.o
 .debug_abbrev  0x0000224b      0x11b lib/avr-hw-i2c/twimastertimeout.o
 .debug_abbrev  0x00002366      0x1b5 lib/u8x8_avr.o
 .debug_abbrev  0x0000251b      0x25b main.o

.debug_line     0x00000000     0xfc00
 *(.debug_line .debug_line.* .debug_line_end)
 .debug_line    0x00000000      0x134 C:/Program Files (x86)/Atmel/Studio/7.0/Packs/Atmel/ATmega_DFP/1.7.374/gcc/dev/atmega328p/avr5/crtatmega328p.o
 .debug_line    0x00000134      0x3a2 csrc/u8g2_buffer.o
 .debug_line    0x000004d6     0x164f csrc/u8g2_d_memory.o
 .debug_line    0x00001b25     0x95ab csrc/u8g2_d_setup.o
 .debug_line    0x0000b0d0      0xf9c csrc/u8g2_font.o
 .debug_line    0x0000c06c       0x94 csrc/u8g2_fonts.o
 .debug_line    0x0000c100      0x251 csrc/u8g2_hvline.o
 .debug_line    0x0000c351      0x12b csrc/u8g2_intersection.o
 .debug_line    0x0000c47c      0x183 csrc/u8g2_line.o
 .debug_line    0x0000c5ff      0x234 csrc/u8g2_ll_hvline.o
 .debug_line    0x0000c833      0x60a csrc/u8g2_setup.o
 .debug_line    0x0000ce3d      0x798 csrc/u8x8_8x8.o
 .debug_line    0x0000d5d5      0x961 csrc/u8x8_byte.o
 .debug_line    0x0000df36      0xb9b csrc/u8x8_cad.o
 .debug_line    0x0000ead1      0x2bf csrc/u8x8_display.o
 .debug_line    0x0000ed90      0x404 csrc/u8x8_d_ssd1306_128x64_noname.o
 .debug_line    0x0000f194       0xb3 csrc/u8x8_gpio.o
 .debug_line    0x0000f247      0x16b csrc/u8x8_setup.o
 .debug_line    0x0000f3b2      0x3c9 lib/avr-hw-i2c/twimastertimeout.o
 .debug_line    0x0000f77b      0x22e lib/u8x8_avr.o
 .debug_line    0x0000f9a9      0x257 main.o

.debug_frame    0x00000000    0x110bc
 *(.debug_frame)
 .debug_frame   0x00000000      0x1d0 csrc/u8g2_buffer.o
 .debug_frame   0x000001d0      0xc14 csrc/u8g2_d_memory.o
 .debug_frame   0x00000de4     0xe894 csrc/u8g2_d_setup.o
 .debug_frame   0x0000f678      0x720 csrc/u8g2_font.o
 .debug_frame   0x0000fd98       0xd4 csrc/u8g2_hvline.o
 .debug_frame   0x0000fe6c       0x5c csrc/u8g2_intersection.o
 .debug_frame   0x0000fec8       0x7c csrc/u8g2_line.o
 .debug_frame   0x0000ff44       0x64 csrc/u8g2_ll_hvline.o
 .debug_frame   0x0000ffa8      0x240 csrc/u8g2_setup.o
 .debug_frame   0x000101e8      0x338 csrc/u8x8_8x8.o
 .debug_frame   0x00010520      0x32c csrc/u8x8_byte.o
 .debug_frame   0x0001084c      0x388 csrc/u8x8_cad.o
 .debug_frame   0x00010bd4      0x190 csrc/u8x8_display.o
 .debug_frame   0x00010d64      0x120 csrc/u8x8_d_ssd1306_128x64_noname.o
 .debug_frame   0x00010e84       0x24 csrc/u8x8_gpio.o
 .debug_frame   0x00010ea8       0x88 csrc/u8x8_setup.o
 .debug_frame   0x00010f30       0xac lib/avr-hw-i2c/twimastertimeout.o
 .debug_frame   0x00010fdc       0x44 lib/u8x8_avr.o
 .debug_frame   0x00011020       0x9c main.o

.debug_str      0x00000000    0x14ea5
 *(.debug_str)
 .debug_str     0x00000000      0x208 C:/Program Files (x86)/Atmel/Studio/7.0/Packs/Atmel/ATmega_DFP/1.7.374/gcc/dev/atmega328p/avr5/crtatmega328p.o
 .debug_str     0x00000208      0x971 csrc/u8g2_buffer.o
                                0xa17 (size before relaxing)
 .debug_str     0x00000b79      0xaec csrc/u8g2_d_memory.o
                                0xc33 (size before relaxing)
 .debug_str     0x00001665     0x732c csrc/u8g2_d_setup.o
                               0x8602 (size before relaxing)
 .debug_str     0x00008991      0x61d csrc/u8g2_font.o
                                0xe6d (size before relaxing)
 .debug_str     0x00008fae     0xaf06 csrc/u8g2_fonts.o
                               0xb056 (size before relaxing)
 .debug_str     0x00013eb4       0x84 csrc/u8g2_hvline.o
                                0x8ae (size before relaxing)
 .debug_str     0x00013f38       0x3f csrc/u8g2_intersection.o
                                0x867 (size before relaxing)
 .debug_str     0x00013f77       0x3a csrc/u8g2_line.o
                                0x865 (size before relaxing)
 .debug_str     0x00013fb1       0x66 csrc/u8g2_ll_hvline.o
                                0x896 (size before relaxing)
 .debug_str     0x00014017      0x26f csrc/u8g2_setup.o
                                0xb0e (size before relaxing)
 .debug_str     0x00014286      0x1c2 csrc/u8x8_8x8.o
                                0x603 (size before relaxing)
 .debug_str     0x00014448      0x207 csrc/u8x8_byte.o
                                0x61c (size before relaxing)
 .debug_str     0x0001464f      0x1c2 csrc/u8x8_cad.o
                                0x68f (size before relaxing)
 .debug_str     0x00014811      0x14c csrc/u8x8_display.o
                                0x592 (size before relaxing)
 .debug_str     0x0001495d      0x30b csrc/u8x8_d_ssd1306_128x64_noname.o
                                0x807 (size before relaxing)
 .debug_str     0x00014c68       0x14 csrc/u8x8_gpio.o
                                0x420 (size before relaxing)
 .debug_str     0x00014c7c       0x5c csrc/u8x8_setup.o
                                0x4c3 (size before relaxing)
 .debug_str     0x00014cd8       0x73 lib/avr-hw-i2c/twimastertimeout.o
                                0x1ec (size before relaxing)
 .debug_str     0x00014d4b       0x87 lib/u8x8_avr.o
                                0x4cb (size before relaxing)
 .debug_str     0x00014dd2       0xd3 main.o
                                0x9ed (size before relaxing)

.debug_loc      0x00000000    0x6ae73
 *(.debug_loc)
 .debug_loc     0x00000000      0x8ec csrc/u8g2_buffer.o
 .debug_loc     0x000008ec     0x1e00 csrc/u8g2_d_memory.o
 .debug_loc     0x000026ec    0x5c2ec csrc/u8g2_d_setup.o
 .debug_loc     0x0005e9d8     0x3642 csrc/u8g2_font.o
 .debug_loc     0x0006201a      0x66a csrc/u8g2_hvline.o
 .debug_loc     0x00062684      0x227 csrc/u8g2_intersection.o
 .debug_loc     0x000628ab      0x3c7 csrc/u8g2_line.o
 .debug_loc     0x00062c72      0x3e1 csrc/u8g2_ll_hvline.o
 .debug_loc     0x00063053      0xed7 csrc/u8g2_setup.o
 .debug_loc     0x00063f2a     0x187f csrc/u8x8_8x8.o
 .debug_loc     0x000657a9     0x1470 csrc/u8x8_byte.o
 .debug_loc     0x00066c19     0x20dc csrc/u8x8_cad.o
 .debug_loc     0x00068cf5      0x5ed csrc/u8x8_display.o
 .debug_loc     0x000692e2      0xa5d csrc/u8x8_d_ssd1306_128x64_noname.o
 .debug_loc     0x00069d3f       0x68 csrc/u8x8_gpio.o
 .debug_loc     0x00069da7      0x2df csrc/u8x8_setup.o
 .debug_loc     0x0006a086      0x5a0 lib/avr-hw-i2c/twimastertimeout.o
 .debug_loc     0x0006a626      0x4f0 lib/u8x8_avr.o
 .debug_loc     0x0006ab16      0x35d main.o

.debug_macinfo
 *(.debug_macinfo)

.debug_weaknames
 *(.debug_weaknames)

.debug_funcnames
 *(.debug_funcnames)

.debug_typenames
 *(.debug_typenames)

.debug_varnames
 *(.debug_varnames)

.debug_pubtypes
 *(.debug_pubtypes)

.debug_ranges   0x00000000     0x2a40
 *(.debug_ranges)
 .debug_ranges  0x00000000       0x70 csrc/u8g2_buffer.o
 .debug_ranges  0x00000070      0x608 csrc/u8g2_d_memory.o
 .debug_ranges  0x00000678     0x1d18 csrc/u8g2_d_setup.o
 .debug_ranges  0x00002390      0x1c0 csrc/u8g2_font.o
 .debug_ranges  0x00002550       0x40 csrc/u8g2_hvline.o
 .debug_ranges  0x00002590       0x18 csrc/u8g2_intersection.o
 .debug_ranges  0x000025a8       0x10 csrc/u8g2_line.o
 .debug_ranges  0x000025b8       0x18 csrc/u8g2_ll_hvline.o
 .debug_ranges  0x000025d0       0xb8 csrc/u8g2_setup.o
 .debug_ranges  0x00002688       0xb8 csrc/u8x8_8x8.o
 .debug_ranges  0x00002740       0xd0 csrc/u8x8_byte.o
 .debug_ranges  0x00002810       0xc0 csrc/u8x8_cad.o
 .debug_ranges  0x000028d0       0x78 csrc/u8x8_display.o
 .debug_ranges  0x00002948       0x48 csrc/u8x8_d_ssd1306_128x64_noname.o
 .debug_ranges  0x00002990       0x10 csrc/u8x8_gpio.o
 .debug_ranges  0x000029a0       0x28 csrc/u8x8_setup.o
 .debug_ranges  0x000029c8       0x48 lib/avr-hw-i2c/twimastertimeout.o
 .debug_ranges  0x00002a10       0x18 lib/u8x8_avr.o
 .debug_ranges  0x00002a28       0x18 main.o

.debug_macro
 *(.debug_macro)
OUTPUT(PWM Drawer.elf elf32-avr)
LOAD linker stubs
